// Jest Snapshot v1, https://goo.gl/fbAQLP

exports[`renders 1`] = `
<DocumentFragment>
  <div>
    <div
      class="color-mode__toggle"
    >
      <div
        class="toggle"
        data-testid="divvy"
      />
      Toggle
    </div>
  </div>
</DocumentFragment>
`;
